
**** Build of configuration Default for project LPC-P2919_ram ****

make all 
"...compiling"
arm-none-eabi-gcc -Wall -mlong-calls -ffunction-sections -g -O0  -DLPC2919 -DTRACE_LEVEL=4 -c -o main.o main.c
"...compiling"
arm-none-eabi-gcc -Wall -mlong-calls -ffunction-sections -g -O0  -DLPC2919 -DTRACE_LEVEL=4 -c -o target.o target.c
"...compiling"
arm-none-eabi-gcc -g -O0  -DLPC2919 -D__ASSEMBLY__ -c -o board_cstartup.o board_cstartup.S 
"...linking"
arm-none-eabi-gcc -g -O0 -nostartfiles -Wl,--gc-sections -Tsram.lds -o main.elf main.o target.o board_cstartup.o
arm-none-eabi-objcopy -O binary main.elf main.bin
arm-none-eabi-size main.o target.o board_cstartup.o main.elf
   text	   data	    bss	    dec	    hex	filename
    896	      0	      0	    896	    380	main.o
    916	      0	      0	    916	    394	target.o
    192	      0	      0	    192	     c0	board_cstartup.o
   1568	      0	      0	   1568	    620	main.elf
arm-none-eabi-objdump -h main.o target.o main.elf

main.o:     file format elf32-littlearm

Sections:
Idx Name          Size      VMA       LMA       File off  Algn
  0 .text         00000000  00000000  00000000  00000034  2**0
                  CONTENTS, ALLOC, LOAD, READONLY, CODE
  1 .data         00000000  00000000  00000000  00000034  2**0
                  CONTENTS, ALLOC, LOAD, DATA
  2 .bss          00000000  00000000  00000000  00000034  2**0
                  ALLOC
  3 .debug_abbrev 000000b2  00000000  00000000  00000034  2**0
                  CONTENTS, READONLY, DEBUGGING
  4 .debug_info   000000e3  00000000  00000000  000000e6  2**0
                  CONTENTS, RELOC, READONLY, DEBUGGING
  5 .debug_line   00000096  00000000  00000000  000001c9  2**0
                  CONTENTS, RELOC, READONLY, DEBUGGING
  6 .text.setled  00000124  00000000  00000000  00000260  2**2
                  CONTENTS, ALLOC, LOAD, RELOC, READONLY, CODE
  7 .text.Dly100us 00000068  00000000  00000000  00000384  2**2
                  CONTENTS, ALLOC, LOAD, RELOC, READONLY, CODE
  8 .text.main    000001f4  00000000  00000000  000003ec  2**2
                  CONTENTS, ALLOC, LOAD, RELOC, READONLY, CODE
  9 .debug_loc    00000084  00000000  00000000  000005e0  2**0
                  CONTENTS, RELOC, READONLY, DEBUGGING
 10 .debug_pubnames 00000028  00000000  00000000  00000664  2**0
                  CONTENTS, RELOC, READONLY, DEBUGGING
 11 .debug_pubtypes 00000012  00000000  00000000  0000068c  2**0
                  CONTENTS, RELOC, READONLY, DEBUGGING
 12 .debug_aranges 00000030  00000000  00000000  0000069e  2**0
                  CONTENTS, RELOC, READONLY, DEBUGGING
 13 .debug_ranges 00000020  00000000  00000000  000006ce  2**0
                  CONTENTS, RELOC, READONLY, DEBUGGING
 14 .debug_str    000000c5  00000000  00000000  000006ee  2**0
                  CONTENTS, READONLY, DEBUGGING
 15 .comment      00000012  00000000  00000000  000007b3  2**0
                  CONTENTS, READONLY
 16 .ARM.attributes 00000030  00000000  00000000  000007c5  2**0
                  CONTENTS, READONLY
 17 .debug_frame  0000005c  00000000  00000000  000007f8  2**2
                  CONTENTS, RELOC, READONLY, DEBUGGING

target.o:     file format elf32-littlearm

Sections:
Idx Name          Size      VMA       LMA       File off  Algn
  0 .text         00000000  00000000  00000000  00000034  2**0
                  CONTENTS, ALLOC, LOAD, READONLY, CODE
  1 .data         00000000  00000000  00000000  00000034  2**0
                  CONTENTS, ALLOC, LOAD, DATA
  2 .bss          00000000  00000000  00000000  00000034  2**0
                  ALLOC
  3 .debug_abbrev 00000088  00000000  00000000  00000034  2**0
                  CONTENTS, READONLY, DEBUGGING
  4 .debug_info   0000010f  00000000  00000000  000000bc  2**0
                  CONTENTS, RELOC, READONLY, DEBUGGING
  5 .debug_line   000000e4  00000000  00000000  000001cb  2**0
                  CONTENTS, RELOC, READONLY, DEBUGGING
  6 .text.TargetInit 00000014  00000000  00000000  000002b0  2**2
                  CONTENTS, ALLOC, LOAD, RELOC, READONLY, CODE
  7 .text.GPIOResetInit 00000014  00000000  00000000  000002c4  2**2
                  CONTENTS, ALLOC, LOAD, RELOC, READONLY, CODE
  8 .text.TargetResetInit 000001cc  00000000  00000000  000002d8  2**2
                  CONTENTS, ALLOC, LOAD, RELOC, READONLY, CODE
  9 .text.IRAM1SanityCheck 000001a0  00000000  00000000  000004a4  2**2
                  CONTENTS, ALLOC, LOAD, RELOC, READONLY, CODE
 10 .debug_loc    000000b0  00000000  00000000  00000644  2**0
                  CONTENTS, RELOC, READONLY, DEBUGGING
 11 .debug_pubnames 0000005c  00000000  00000000  000006f4  2**0
                  CONTENTS, RELOC, READONLY, DEBUGGING
 12 .debug_pubtypes 00000025  00000000  00000000  00000750  2**0
                  CONTENTS, RELOC, READONLY, DEBUGGING
 13 .debug_aranges 00000038  00000000  00000000  00000775  2**0
                  CONTENTS, RELOC, READONLY, DEBUGGING
 14 .debug_ranges 00000028  00000000  00000000  000007ad  2**0
                  CONTENTS, RELOC, READONLY, DEBUGGING
 15 .debug_str    00000103  00000000  00000000  000007d5  2**0
                  CONTENTS, READONLY, DEBUGGING
 16 .comment      00000012  00000000  00000000  000008d8  2**0
                  CONTENTS, READONLY
 17 .ARM.attributes 00000030  00000000  00000000  000008ea  2**0
                  CONTENTS, READONLY
 18 .debug_frame  00000074  00000000  00000000  0000091c  2**2
                  CONTENTS, RELOC, READONLY, DEBUGGING

main.elf:     file format elf32-littlearm

Sections:
Idx Name          Size      VMA       LMA       File off  Algn
  0 .fixed0       00000620  80000000  80000000  00008000  2**4
                  CONTENTS, ALLOC, LOAD, READONLY, CODE
  1 .debug_abbrev 0000014c  00000000  00000000  00008620  2**0
                  CONTENTS, READONLY, DEBUGGING
  2 .debug_info   00000272  00000000  00000000  0000876c  2**0
                  CONTENTS, READONLY, DEBUGGING
  3 .debug_line   000001f5  00000000  00000000  000089de  2**0
                  CONTENTS, READONLY, DEBUGGING
  4 .debug_loc    00000134  00000000  00000000  00008bd3  2**0
                  CONTENTS, READONLY, DEBUGGING
  5 .debug_pubnames 00000084  00000000  00000000  00008d07  2**0
                  CONTENTS, READONLY, DEBUGGING
  6 .debug_pubtypes 00000037  00000000  00000000  00008d8b  2**0
                  CONTENTS, READONLY, DEBUGGING
  7 .debug_aranges 00000090  00000000  00000000  00008dc8  2**3
                  CONTENTS, READONLY, DEBUGGING
  8 .debug_ranges 00000068  00000000  00000000  00008e58  2**3
                  CONTENTS, READONLY, DEBUGGING
  9 .debug_str    00000124  00000000  00000000  00008ec0  2**0
                  CONTENTS, READONLY, DEBUGGING
 10 .comment      00000011  00000000  00000000  00008fe4  2**0
                  CONTENTS, READONLY
 11 .ARM.attributes 0000002d  00000000  00000000  00008ff5  2**0
                  CONTENTS, READONLY
 12 .debug_frame  000000d0  00000000  00000000  00009024  2**2
                  CONTENTS, READONLY, DEBUGGING
