
**** Build of configuration Default for project SAM9-L9260_blink_SDRAM ****

make all 
arm-none-eabi-gcc -g -Os -Iat91lib/boards/sam9-l9260 -Iat91lib/peripherals  -Iat91lib/components -Iat91lib -Dat91sam9260 -D__ASSEMBLY__ -Dsdram -c -o obj/sdram_board_cstartup.o at91lib/boards/sam9-l9260/board_cstartup.S
arm-none-eabi-gcc -g -Os -Iat91lib/boards/sam9-l9260 -Iat91lib/peripherals  -Iat91lib/components -Iat91lib -Dat91sam9260 -D__ASSEMBLY__ -Dsdram -c -o obj/sdram_cp15_asm.o at91lib/peripherals/cp15/cp15_asm.S
at91lib/peripherals/cp15/cp15_asm.S:34:0: warning: "__ASSEMBLY__" redefined
<command-line>:0:0: note: this is the location of the previous definition
arm-none-eabi-gcc -Wall -mlong-calls -ffunction-sections -g -Os -Iat91lib/boards/sam9-l9260 -Iat91lib/peripherals  -Iat91lib/components -Iat91lib -Dat91sam9260 -DTRACE_LEVEL=4 -Dsdram -c -o obj/sdram_main.o main.c
arm-none-eabi-gcc -Wall -mlong-calls -ffunction-sections -g -Os -Iat91lib/boards/sam9-l9260 -Iat91lib/peripherals  -Iat91lib/components -Iat91lib -Dat91sam9260 -DTRACE_LEVEL=4 -Dsdram -c -o obj/sdram_led.o at91lib/utility/led.c
arm-none-eabi-gcc -Wall -mlong-calls -ffunction-sections -g -Os -Iat91lib/boards/sam9-l9260 -Iat91lib/peripherals  -Iat91lib/components -Iat91lib -Dat91sam9260 -DTRACE_LEVEL=4 -Dsdram -c -o obj/sdram_stdio.o at91lib/utility/stdio.c
arm-none-eabi-gcc -Wall -mlong-calls -ffunction-sections -g -Os -Iat91lib/boards/sam9-l9260 -Iat91lib/peripherals  -Iat91lib/components -Iat91lib -Dat91sam9260 -DTRACE_LEVEL=4 -Dsdram -c -o obj/sdram_dbgu.o at91lib/peripherals/dbgu/dbgu.c
arm-none-eabi-gcc -Wall -mlong-calls -ffunction-sections -g -Os -Iat91lib/boards/sam9-l9260 -Iat91lib/peripherals  -Iat91lib/components -Iat91lib -Dat91sam9260 -DTRACE_LEVEL=4 -Dsdram -c -o obj/sdram_pio.o at91lib/peripherals/pio/pio.c
arm-none-eabi-gcc -Wall -mlong-calls -ffunction-sections -g -Os -Iat91lib/boards/sam9-l9260 -Iat91lib/peripherals  -Iat91lib/components -Iat91lib -Dat91sam9260 -DTRACE_LEVEL=4 -Dsdram -c -o obj/sdram_aic.o at91lib/peripherals/aic/aic.c
arm-none-eabi-gcc -Wall -mlong-calls -ffunction-sections -g -Os -Iat91lib/boards/sam9-l9260 -Iat91lib/peripherals  -Iat91lib/components -Iat91lib -Dat91sam9260 -DTRACE_LEVEL=4 -Dsdram -c -o obj/sdram_pio_it.o at91lib/peripherals/pio/pio_it.c
arm-none-eabi-gcc -Wall -mlong-calls -ffunction-sections -g -Os -Iat91lib/boards/sam9-l9260 -Iat91lib/peripherals  -Iat91lib/components -Iat91lib -Dat91sam9260 -DTRACE_LEVEL=4 -Dsdram -c -o obj/sdram_pit.o at91lib/peripherals/pit/pit.c
arm-none-eabi-gcc -Wall -mlong-calls -ffunction-sections -g -Os -Iat91lib/boards/sam9-l9260 -Iat91lib/peripherals  -Iat91lib/components -Iat91lib -Dat91sam9260 -DTRACE_LEVEL=4 -Dsdram -c -o obj/sdram_tc.o at91lib/peripherals/tc/tc.c
arm-none-eabi-gcc -Wall -mlong-calls -ffunction-sections -g -Os -Iat91lib/boards/sam9-l9260 -Iat91lib/peripherals  -Iat91lib/components -Iat91lib -Dat91sam9260 -DTRACE_LEVEL=4 -Dsdram -c -o obj/sdram_pmc.o at91lib/peripherals/pmc/pmc.c
arm-none-eabi-gcc -Wall -mlong-calls -ffunction-sections -g -Os -Iat91lib/boards/sam9-l9260 -Iat91lib/peripherals  -Iat91lib/components -Iat91lib -Dat91sam9260 -DTRACE_LEVEL=4 -Dsdram -c -o obj/sdram_cp15.o at91lib/peripherals/cp15/cp15.c
arm-none-eabi-gcc -Wall -mlong-calls -ffunction-sections -g -Os -Iat91lib/boards/sam9-l9260 -Iat91lib/peripherals  -Iat91lib/components -Iat91lib -Dat91sam9260 -DTRACE_LEVEL=4 -Dsdram -c -o obj/sdram_board_memories.o at91lib/boards/sam9-l9260/board_memories.c
arm-none-eabi-gcc -Wall -mlong-calls -ffunction-sections -g -Os -Iat91lib/boards/sam9-l9260 -Iat91lib/peripherals  -Iat91lib/components -Iat91lib -Dat91sam9260 -DTRACE_LEVEL=4 -Dsdram -c -o obj/sdram_board_lowlevel.o at91lib/boards/sam9-l9260/board_lowlevel.c
arm-none-eabi-gcc -g -Os -nostartfiles -Wl,--gc-sections -Tat91lib/boards/sam9-l9260/at91sam9260/sdram.lds -o ./main-sdram.elf obj/sdram_board_cstartup.o obj/sdram_cp15_asm.o obj/sdram_main.o obj/sdram_led.o obj/sdram_stdio.o obj/sdram_dbgu.o obj/sdram_pio.o obj/sdram_aic.o obj/sdram_pio_it.o obj/sdram_pit.o obj/sdram_tc.o obj/sdram_pmc.o obj/sdram_cp15.o obj/sdram_board_memories.o obj/sdram_board_lowlevel.o
arm-none-eabi-objcopy -O binary ./main-sdram.elf ./main-sdram.bin
arm-none-eabi-objcopy -O binary ./main-sdram.elf ./main-sdram.out
arm-none-eabi-size obj/sdram_board_cstartup.o obj/sdram_cp15_asm.o obj/sdram_main.o obj/sdram_led.o obj/sdram_stdio.o obj/sdram_dbgu.o obj/sdram_pio.o obj/sdram_aic.o obj/sdram_pio_it.o obj/sdram_pit.o obj/sdram_tc.o obj/sdram_pmc.o obj/sdram_cp15.o obj/sdram_board_memories.o obj/sdram_board_lowlevel.o ./main-sdram.elf
   text	   data	    bss	    dec	    hex	filename
    300	      0	      0	    300	    12c	obj/sdram_board_cstartup.o
     64	      0	      0	     64	     40	obj/sdram_cp15_asm.o
   1315	      4	     12	   1331	    533	obj/sdram_main.o
    336	      0	      0	    336	    150	obj/sdram_led.o
   1584	   1072	      0	   2656	    a60	obj/sdram_stdio.o
    384	      0	      0	    384	    180	obj/sdram_dbgu.o
    400	      0	      0	    400	    190	obj/sdram_pio.o
     92	      0	      0	     92	     5c	obj/sdram_aic.o
    644	      0	     60	    704	    2c0	obj/sdram_pio_it.o
    180	      0	      0	    180	     b4	obj/sdram_pit.o
    288	      0	      0	    288	    120	obj/sdram_tc.o
    770	      0	      0	    770	    302	obj/sdram_pmc.o
   1050	      0	      0	   1050	    41a	obj/sdram_cp15.o
   1172	      0	      0	   1172	    494	obj/sdram_board_memories.o
    188	      0	      0	    188	     bc	obj/sdram_board_lowlevel.o
   6924	      0	     72	   6996	   1b54	./main-sdram.elf
